// Jest Snapshot v1, https://goo.gl/fbAQLP

exports[`Intro view integration tests renders and compares snapshot 1`] = `
<section
  data-testid="intro-view"
>
  <div
    style={
      Object {
        "opacity": 0,
        "transform": "translateY(-30px)",
      }
    }
  >
    <figure
      className="blockquote"
    >
      <blockquote
        cite="https://en.wikipedia.org/wiki/Pomodoro_Technique"
      >
        <p>
          "The Pomodoro Technique is a time management method developed by Francesco Cirillo in the late 1980s. The technique uses a timer to break down work into intervals, traditionally 25 minutes in length, separated by short breaks."
        </p>
      </blockquote>
      <figcaption>
        -Wikipedia
      </figcaption>
    </figure>
  </div>
  <div
    className="flex justify-center py-8"
    style={
      Object {
        "opacity": 0,
        "transform": "translateY(-30px)",
      }
    }
  >
    <button
      className="btn"
      data-testid="get-started-btn"
      onClick={[Function]}
      style={
        Object {
          "transform": "translateY(0px)",
        }
      }
    >
      Get started!
    </button>
  </div>
</section>
`;
